// Jest Snapshot v1, https://goo.gl/fbAQLP

exports[`test MovieInfo container renders MovieInfo children and UI subcomponents 1`] = `ReactWrapper {}`;

exports[`test MovieInfo container renders MovieInfo children even with a bad movie 1`] = `ReactWrapper {}`;

exports[`test MovieInfo container renders MovieInfo container 1`] = `ShallowWrapper {}`;
